
> serenibase-plugin-framework@0.0.0 test:coverage
> vitest run --coverage


[1m[7m[36m RUN [39m[27m[22m [36mv2.1.9 [39m[90mD:/github/base-ui[39m
      [2mCoverage enabled with [22m[33mv8[39m

[90mstderr[2m | src/auth/__tests__/AuthContext.test.tsx[2m > [22m[2mAuthContext[2m > [22m[2mEdge Cases and Error Handling[2m > [22m[2mshould ignore clientLogout errors during cross-tab signout
[22m[39mclientLogout error during cross-tab signout Error: Logout failed
    at [90mD:\github\base-ui\[39msrc\auth\__tests__\AuthContext.test.tsx:1649:57
    at [90mfile:///D:/github/base-ui/[39mnode_modules/[4m@vitest/runner[24m/dist/index.js:146:14
    at [90mfile:///D:/github/base-ui/[39mnode_modules/[4m@vitest/runner[24m/dist/index.js:533:11
    at runWithTimeout [90m(file:///D:/github/base-ui/[39mnode_modules/[4m@vitest/runner[24m/dist/index.js:39:7[90m)[39m
    at runTest [90m(file:///D:/github/base-ui/[39mnode_modules/[4m@vitest/runner[24m/dist/index.js:1056:17[90m)[39m
    at runSuite [90m(file:///D:/github/base-ui/[39mnode_modules/[4m@vitest/runner[24m/dist/index.js:1205:15[90m)[39m
    at runSuite [90m(file:///D:/github/base-ui/[39mnode_modules/[4m@vitest/runner[24m/dist/index.js:1205:15[90m)[39m
    at runSuite [90m(file:///D:/github/base-ui/[39mnode_modules/[4m@vitest/runner[24m/dist/index.js:1205:15[90m)[39m
    at runFiles [90m(file:///D:/github/base-ui/[39mnode_modules/[4m@vitest/runner[24m/dist/index.js:1262:5[90m)[39m
    at startTests [90m(file:///D:/github/base-ui/[39mnode_modules/[4m@vitest/runner[24m/dist/index.js:1271:3[90m)[39m

 [32m✓[39m src/auth/__tests__/AuthContext.test.tsx [2m([22m[2m57 tests[22m[2m)[22m[33m 4015[2mms[22m[39m
   [33m[2m✓[22m[39m AuthContext[2m > [22mEdge Cases and Error Handling[2m > [22mshould ignore clientLogout errors during cross-tab signout [33m341[2mms[22m[39m
 [32m✓[39m src/components/account/__tests__/ProfileSection.test.tsx [2m([22m[2m63 tests[22m[2m)[22m[33m 6994[2mms[22m[39m
   [33m[2m✓[22m[39m ProfileSection[2m > [22mLoading State[2m > [22mdisplays loading spinner when profile is loading [33m384[2mms[22m[39m
   [33m[2m✓[22m[39m ProfileSection[2m > [22mError State[2m > [22mdisplays Try Again button on error [33m634[2mms[22m[39m
   [33m[2m✓[22m[39m ProfileSection[2m > [22mProfile Display (View Mode)[2m > [22mrenders first name field with profile data [33m334[2mms[22m[39m
   [33m[2m✓[22m[39m ProfileSection[2m > [22mSession Storage[2m > [22mstores country in sessionStorage when profile loads [33m562[2mms[22m[39m
 [32m✓[39m src/hooks/__tests__/useNavigation.test.ts [2m([22m[2m40 tests[22m[2m)[22m[33m 1431[2mms[22m[39m
Terminate batch job (Y/N)? ^C
